// Jest Snapshot v1, https://goo.gl/fbAQLP

exports[`<HomePage /> should render and match the snapshot 1`] = `
<article>
  <div>
    <section
      class="Section-ojdkzv-0 CenteredSection-sc-1e2by6n-0 jhRZyk"
    >
      <h1>
        <span>
          What have you made?
        </span>
      </h1>
    </section>
    <section
      class="Section-ojdkzv-0 CenteredSection-sc-1e2by6n-0 jhRZyk"
    >
      <h2
        class="H2-egphza-0 HsCXl"
      >
        Hello, 
        !
      </h2>
    </section>
    <section
      class="Section-ojdkzv-0 CenteredSection-sc-1e2by6n-0 jhRZyk"
    >
      <div
        class="Wrapper-sc-5dsnpv-0 jpYyqh"
      >
        <a
          class="A-t53uvo-0 imPlZY"
        >
          <span>
            Logout
          </span>
        </a>
      </div>
    </section>
  </div>
</article>
`;
