// Jest Snapshot v1, https://goo.gl/fbAQLP

exports[`<LoginPage /> Should render and match the snapshot 1`] = `
<div>
  <div>
    <section
      class="Section-ojdkzv-0 CenteredSection-sc-1e2by6n-0 jhRZyk"
    >
      <h2
        class="H2-egphza-0 HsCXl"
      >
        <span>
          This is the LoginPage container!
        </span>
      </h2>
      <form
        class="Form-kd3r69-0 kUCzDC"
      >
        <div>
          <label
            for="username"
          >
            <span>
              Username
            </span>
            <input
              class="Input-sc-19txxuq-0 iygDGi"
              id="username"
              placeholder=""
              type="text"
              value="TestUser"
            />
          </label>
        </div>
        <div>
          <label
            for="password"
          >
            <span>
              Password
            </span>
            <input
              class="Input-sc-19txxuq-0 iygDGi"
              id="password"
              placeholder=""
              type="password"
              value="TestPassword"
            />
          </label>
        </div>
        <div
          class="Wrapper-sc-5dsnpv-0 jpYyqh"
        >
          <a
            class="A-t53uvo-0 imPlZY"
          >
            <span>
              Login
            </span>
          </a>
        </div>
      </form>
    </section>
  </div>
</div>
`;
